
> frontend@0.5.0 test
> vitest run --reporter=dot


 RUN  v4.0.18 /Users/sebastiankruk/Development/iQoQo/iqoqo/frontend

·······xxxxx·xxstderr | __tests__/components/admin/frbr-editor.test.tsx > FrbrEditor Component > renders loading state initially
An update to FrbrEditor inside a test was not wrapped in act(...).

When testing, code that causes React state updates should be wrapped into act(...):

act(() => {
  /* fire events that update state */
});
/* assert on the output */

This ensures that you're testing the behavior the user would see in the browser. Learn more at https://react.dev/link/wrap-tests-with-act
An update to FrbrEditor inside a test was not wrapped in act(...).

When testing, code that causes React state updates should be wrapped into act(...):

act(() => {
  /* fire events that update state */
});
/* assert on the output */

This ensures that you're testing the behavior the user would see in the browser. Learn more at https://react.dev/link/wrap-tests-with-act

xxxx······································stderr | __tests__/app/scan/page.test.tsx > ScanPage > calls mutate with form data when submitting manual entry
An update to ManualEntryForm inside a test was not wrapped in act(...).

When testing, code that causes React state updates should be wrapped into act(...):

act(() => {
  /* fire events that update state */
});
/* assert on the output */

This ensures that you're testing the behavior the user would see in the browser. Learn more at https://react.dev/link/wrap-tests-with-act

···············Error: socket hang up
    at connResetException (node:internal/errors:787:14)
    at Socket.socketCloseListener (node:_http_client:468:25)
    at Socket.emit (node:events:526:35)
    at TCP.<anonymous> (node:net:337:12) {
  code: 'ECONNRESET'
}
Error: socket hang up
    at connResetException (node:internal/errors:787:14)
    at Socket.socketCloseListener (node:_http_client:468:25)
    at Socket.emit (node:events:526:35)
    at TCP.<anonymous> (node:net:337:12) {
  code: 'ECONNRESET'
}
Error: socket hang up
    at connResetException (node:internal/errors:787:14)
    at Socket.socketCloseListener (node:_http_client:468:25)
    at Socket.emit (node:events:526:35)
    at TCP.<anonymous> (node:net:337:12) {
  code: 'ECONNRESET'
}
·······AggregateError: 
    at internalConnectMultiple (node:net:1114:18)
    at afterConnectMultiple (node:net:1667:5) {
  code: 'ECONNREFUSED',
  [errors]: [
    Error: connect ECONNREFUSED ::1:3000
        at createConnectionError (node:net:1634:14)
        at afterConnectMultiple (node:net:1664:40) {
      errno: -61,
      code: 'ECONNREFUSED',
      syscall: 'connect',
      address: '::1',
      port: 3000
    },
    Error: connect ECONNREFUSED 127.0.0.1:3000
        at createConnectionError (node:net:1634:14)
        at afterConnectMultiple (node:net:1664:40) {
      errno: -61,
      code: 'ECONNREFUSED',
      syscall: 'connect',
      address: '127.0.0.1',
      port: 3000
    }
  ]
}
···AggregateError: 
    at internalConnectMultiple (node:net:1114:18)
    at afterConnectMultiple (node:net:1667:5) {
  code: 'ECONNREFUSED',
  [errors]: [
    Error: connect ECONNREFUSED ::1:3000
        at createConnectionError (node:net:1634:14)
        at afterConnectMultiple (node:net:1664:40) {
      errno: -61,
      code: 'ECONNREFUSED',
      syscall: 'connect',
      address: '::1',
      port: 3000
    },
    Error: connect ECONNREFUSED 127.0.0.1:3000
        at createConnectionError (node:net:1634:14)
        at afterConnectMultiple (node:net:1664:40) {
      errno: -61,
      code: 'ECONNREFUSED',
      syscall: 'connect',
      address: '127.0.0.1',
      port: 3000
    }
  ]
}
·AggregateError: 
    at internalConnectMultiple (node:net:1114:18)
    at afterConnectMultiple (node:net:1667:5) {
  code: 'ECONNREFUSED',
  [errors]: [
    Error: connect ECONNREFUSED ::1:3000
        at createConnectionError (node:net:1634:14)
        at afterConnectMultiple (node:net:1664:40) {
      errno: -61,
      code: 'ECONNREFUSED',
      syscall: 'connect',
      address: '::1',
      port: 3000
    },
    Error: connect ECONNREFUSED 127.0.0.1:3000
        at createConnectionError (node:net:1634:14)
        at afterConnectMultiple (node:net:1664:40) {
      errno: -61,
      code: 'ECONNREFUSED',
      syscall: 'connect',
      address: '127.0.0.1',
      port: 3000
    }
  ]
}
··AggregateError: 
    at internalConnectMultiple (node:net:1114:18)
    at afterConnectMultiple (node:net:1667:5) {
  code: 'ECONNREFUSED',
  [errors]: [
    Error: connect ECONNREFUSED ::1:3000
        at createConnectionError (node:net:1634:14)
        at afterConnectMultiple (node:net:1664:40) {
      errno: -61,
      code: 'ECONNREFUSED',
      syscall: 'connect',
      address: '::1',
      port: 3000
    },
    Error: connect ECONNREFUSED 127.0.0.1:3000
        at createConnectionError (node:net:1634:14)
        at afterConnectMultiple (node:net:1664:40) {
      errno: -61,
      code: 'ECONNREFUSED',
      syscall: 'connect',
      address: '127.0.0.1',
      port: 3000
    }
  ]
}
AggregateError: 
    at internalConnectMultiple (node:net:1114:18)
    at afterConnectMultiple (node:net:1667:5) {
  code: 'ECONNREFUSED',
  [errors]: [
    Error: connect ECONNREFUSED ::1:3000
        at createConnectionError (node:net:1634:14)
        at afterConnectMultiple (node:net:1664:40) {
      errno: -61,
      code: 'ECONNREFUSED',
      syscall: 'connect',
      address: '::1',
      port: 3000
    },
    Error: connect ECONNREFUSED 127.0.0.1:3000
        at createConnectionError (node:net:1634:14)
        at afterConnectMultiple (node:net:1664:40) {
      errno: -61,
      code: 'ECONNREFUSED',
      syscall: 'connect',
      address: '127.0.0.1',
      port: 3000
    }
  ]
}
AggregateError: 
    at internalConnectMultiple (node:net:1114:18)
    at afterConnectMultiple (node:net:1667:5) {
  code: 'ECONNREFUSED',
  [errors]: [
    Error: connect ECONNREFUSED ::1:3000
        at createConnectionError (node:net:1634:14)
        at afterConnectMultiple (node:net:1664:40) {
      errno: -61,
      code: 'ECONNREFUSED',
      syscall: 'connect',
      address: '::1',
      port: 3000
    },
    Error: connect ECONNREFUSED 127.0.0.1:3000
        at createConnectionError (node:net:1634:14)
        at afterConnectMultiple (node:net:1664:40) {
      errno: -61,
      code: 'ECONNREFUSED',
      syscall: 'connect',
      address: '127.0.0.1',
      port: 3000
    }
  ]
}
····················································································································································

⎯⎯⎯⎯⎯⎯ Failed Tests 11 ⎯⎯⎯⎯⎯⎯⎯

 FAIL  __tests__/components/item/item-sidebar-media-filtering.test.tsx > ItemSidebar Media Filtering > shows Reading Progress group for a Book
 FAIL  __tests__/components/item/item-sidebar-media-filtering.test.tsx > ItemSidebar Media Filtering > shows Listening Progress group for an Audio item
 FAIL  __tests__/components/item/item-sidebar-media-filtering.test.tsx > ItemSidebar Media Filtering > shows Watching Progress group for a Video item
 FAIL  __tests__/components/item/item-sidebar-media-filtering.test.tsx > ItemSidebar Media Filtering > shows Gaming Progress group for a Game
 FAIL  __tests__/components/item/item-sidebar-media-filtering.test.tsx > ItemSidebar Media Filtering > always shows Availability & Condition and Acquisition groups
 FAIL  __tests__/components/item/item-sidebar.test.tsx > ItemSidebar Component > renders correctly with item data
 FAIL  __tests__/components/item/item-sidebar.test.tsx > ItemSidebar Component > calls update mutation when collection status select is changed
 FAIL  __tests__/components/item/item-sidebar.test.tsx > ItemSidebar Component > calls update mutation when progress status select is changed
 FAIL  __tests__/components/item/item-sidebar.test.tsx > ItemSidebar Component > renders read-only status badge when owner is anonymized and no update:item permission
 FAIL  __tests__/components/item/item-sidebar.test.tsx > ItemSidebar Component > hides Edit Metadata button when owner is anonymized and no update:item permission
 FAIL  __tests__/components/item/item-sidebar.test.tsx > ItemSidebar Component > shows Edit Metadata button when owner is not anonymized
Error: [vitest] No "useUserSearch" export is defined on the "@/lib/api/hooks" mock. Did you forget to return it from "vi.mock"?
If you need to partially mock a module, you can use "importOriginal" helper inside:

vi.mock(import("@/lib/api/hooks"), async (importOriginal) => {
  const actual = await importOriginal()
  return {
    ...actual,
    // your mocked methods
  }
})

 ❯ ItemSidebar components/item/item-sidebar.tsx:130:59
    128|   // Hook for user search, enabled when borrowerName is typed and does…
    129|   const [searchFocused, setSearchFocused] = React.useState(false);
    130|   const { data: searchResults, isLoading: isSearching } = useUserSearc…
       |                                                           ^
    131| 
    132|   const handleStatusChange = (e: ChangeEvent<HTMLSelectElement>) => {
 ❯ Object.react_stack_bottom_frame node_modules/react-dom/cjs/react-dom-client.development.js:25904:20
 ❯ renderWithHooks node_modules/react-dom/cjs/react-dom-client.development.js:7662:22
 ❯ updateFunctionComponent node_modules/react-dom/cjs/react-dom-client.development.js:10166:19
 ❯ beginWork node_modules/react-dom/cjs/react-dom-client.development.js:11778:18
 ❯ runWithFiberInDEV node_modules/react-dom/cjs/react-dom-client.development.js:874:13
 ❯ performUnitOfWork node_modules/react-dom/cjs/react-dom-client.development.js:17641:22
 ❯ workLoopSync node_modules/react-dom/cjs/react-dom-client.development.js:17469:41

⎯⎯⎯⎯⎯⎯⎯⎯⎯⎯⎯⎯⎯⎯⎯⎯⎯⎯⎯⎯⎯⎯⎯[1/11]⎯


 Test Files  2 failed | 38 passed (40)
      Tests  11 failed | 222 passed (233)
   Start at  22:29:36
   Duration  7.43s (transform 4.73s, setup 7.61s, import 30.27s, tests 13.98s, environment 33.71s)

